3.249.76.98 - - [12/Aug/2016:06:26:33 +0200] "GET /kod-exempel/dynamic_php_menu/ HTTP/1.1" 301 3859 "-" "Mozilla/5.0 (compatible; Googlebot/2.1; +http://www.google.com/bot.html)"
3.55.39.167 - - [12/Aug/2016:06:27:52 +0200] "GET /kunskap/kategori HTTP/1.1" 404 14771 "-" "Mozilla/5.0 (compatible; bingbot/2.0; +http://www.bing.com/bingbot.htm)"
3.46.13.93 - - [12/Aug/2016:06:27:58 +0200] "GET /uppgift/utskrift/din-egen-chattbot-marvin-steg-1 HTTP/1.1" 404 14867 "-" "Mozilla/5.0 (compatible; bingbot/2.0; +http://www.bing.com/bingbot.htm)"
3.46.13.93 - - [12/Aug/2016:06:28:19 +0200] "GET /f/37601 HTTP/1.1" 301 4295 "-" "Mozilla/5.0 (compatible; bingbot/2.0; +http://www.bing.com/bingbot.htm)"
3.193.51.33 - - [12/Aug/2016:06:29:28 +0200] "GET /img/atom/atom-settings-fileencoding.png HTTP/1.1" 200 6690 "-" "Mozilla/5.0 (compatible; YandexImages/3.0; +http://yandex.com/bots)"
3.249.76.98 - - [12/Aug/2016:06:29:37 +0200] "GET /v2/kunskap/kom-i-gang-med-php-pa-20-steg HTTP/1.1" 404 14403 "-" "Mozilla/5.0 (Linux; Android 6.0.1; Nexus 5X Build/MMB29P) AppleWebKit/537.36 (KHTML, like Gecko) Chrome/41.0.2272.96 Mobile Safari/537.36 (compatible; Googlebot/2.1; +http://www.google.com/bot.html)"
3.46.13.93 - - [12/Aug/2016:06:29:48 +0200] "GET /f/23188 HTTP/1.1" 301 4295 "-" "Mozilla/5.0 (compatible; bingbot/2.0; +http://www.bing.com/bingbot.htm)"
3.207.144.246 - - [12/Aug/2016:06:30:27 +0200] "GET / HTTP/1.1" 200 9703 "-" "PINGOMETER_BOT_(HTTPS://PINGOMETER.COM)"
168.19.138.35 - - [12/Aug/2016:06:31:23 +0200] "GET /forum/feed.php HTTP/1.1" 200 27110 "-" "Feedly/1.0 (+http://www.feedly.com/fetcher.html; like FeedFetcher-Google)"
3.249.76.98 - - [12/Aug/2016:06:32:25 +0200] "GET /image/snap/anax-mvc-comments-views-missing.png?w=w2 HTTP/1.1" 200 40616 "-" "Googlebot-Image/1.0"
3.80.31.182 - - [12/Aug/2016:06:32:42 +0200] "GET /kod-exempel/source.php?dir=gor-din-egen-filmdatabas/img/movie HTTP/1.1" 301 3677 "-" "Mozilla/5.0 (compatible; AhrefsBot/5.1; +http://ahrefs.com/robot/)"
3.217.12.75 - - [12/Aug/2016:06:32:59 +0200] "GET /javascript/kmom06 HTTP/1.1" 302 3799 "-" "Mozilla/5.0 (Windows NT 10.0; WOW64) AppleWebKit/537.36 (KHTML, like Gecko) Chrome/51.0.2704.103 Safari/537.36"
3.217.12.75 - - [12/Aug/2016:06:32:59 +0200] "GET /kurser/javascript/kmom06 HTTP/1.1" 200 5981 "-" "Mozilla/5.0 (Windows NT 10.0; WOW64) AppleWebKit/537.36 (KHTML, like Gecko) Chrome/51.0.2704.103 Safari/537.36"
3.249.76.98 - - [12/Aug/2016:06:33:13 +0200] "GET / HTTP/1.1" 200 9698 "-" "Mozilla/5.0 (compatible; Googlebot/2.1; +http://www.google.com/bot.html)"
3.55.39.167 - - [12/Aug/2016:06:33:34 +0200] "GET /forum/viewtopic.php?t=2237 HTTP/1.1" 200 10321 "-" "Mozilla/5.0 (compatible; bingbot/2.0; +http://www.bing.com/bingbot.htm)"
3.255.65.80 - - [12/Aug/2016:06:33:34 +0200] "GET /forum/viewtopic.php?f=13&t=4817 HTTP/1.1" 200 10081 "-" "Mozilla/5.0 (compatible; AhrefsBot/5.1; +http://ahrefs.com/robot/)"
3.217.12.75 - - [12/Aug/2016:06:34:03 +0200] "GET /kunskap/boken-pro-html5-programming HTTP/1.1" 200 5469 "https://dbwebb.se/kurser/javascript/kmom06" "Mozilla/5.0 (Windows NT 10.0; WOW64) AppleWebKit/537.36 (KHTML, like Gecko) Chrome/51.0.2704.103 Safari/537.36"
3.217.12.75 - - [12/Aug/2016:06:34:03 +0200] "GET /img/bok/pro-html5-programming.jpg HTTP/1.1" 200 68851 "https://dbwebb.se/kunskap/boken-pro-html5-programming" "Mozilla/5.0 (Windows NT 10.0; WOW64) AppleWebKit/537.36 (KHTML, like Gecko) Chrome/51.0.2704.103 Safari/537.36"
3.217.12.75 - - [12/Aug/2016:06:34:09 +0200] "GET /kunskap/bth-s-labbmiljo-for-node-js-och-npm HTTP/1.1" 200 5862 "https://dbwebb.se/kurser/javascript/kmom06" "Mozilla/5.0 (Windows NT 10.0; WOW64) AppleWebKit/537.36 (KHTML, like Gecko) Chrome/51.0.2704.103 Safari/537.36"
3.217.12.75 - - [12/Aug/2016:06:34:13 +0200] "GET /kunskap/kom-igang-med-html5-websockets-och-node-js HTTP/1.1" 200 13183 "https://dbwebb.se/kurser/javascript/kmom06" "Mozilla/5.0 (Windows NT 10.0; WOW64) AppleWebKit/537.36 (KHTML, like Gecko) Chrome/51.0.2704.103 Safari/537.36"
3.217.12.75 - - [12/Aug/2016:06:34:13 +0200] "GET /img/kunskap/javascript/node-js-command-prompt.png HTTP/1.1" 200 134251 "https://dbwebb.se/kunskap/kom-igang-med-html5-websockets-och-node-js" "Mozilla/5.0 (Windows NT 10.0; WOW64) AppleWebKit/537.36 (KHTML, like Gecko) Chrome/51.0.2704.103 Safari/537.36"
3.217.12.75 - - [12/Aug/2016:06:34:13 +0200] "GET /img/kunskap/javascript/node-js-command-prompt-2.png HTTP/1.1" 200 30530 "https://dbwebb.se/kunskap/kom-igang-med-html5-websockets-och-node-js" "Mozilla/5.0 (Windows NT 10.0; WOW64) AppleWebKit/537.36 (KHTML, like Gecko) Chrome/51.0.2704.103 Safari/537.36"
3.217.12.75 - - [12/Aug/2016:06:34:13 +0200] "GET /image/kunskap/javascript/node-js-webbserver.jpg?w=w1&q=70 HTTP/1.1" 200 6913 "https://dbwebb.se/kunskap/kom-igang-med-html5-websockets-och-node-js" "Mozilla/5.0 (Windows NT 10.0; WOW64) AppleWebKit/537.36 (KHTML, like Gecko) Chrome/51.0.2704.103 Safari/537.36"
3.217.12.75 - - [12/Aug/2016:06:34:13 +0200] "GET /image/kunskap/javascript/output-fran-websocket-echo-server.jpg?w=w1&q=70 HTTP/1.1" 200 9793 "https://dbwebb.se/kunskap/kom-igang-med-html5-websockets-och-node-js" "Mozilla/5.0 (Windows NT 10.0; WOW64) AppleWebKit/537.36 (KHTML, like Gecko) Chrome/51.0.2704.103 Safari/537.36"
3.217.12.75 - - [12/Aug/2016:06:34:13 +0200] "GET /img/kunskap/javascript/node-js-command-prompt-3.png HTTP/1.1" 200 35240 "https://dbwebb.se/kunskap/kom-igang-med-html5-websockets-och-node-js" "Mozilla/5.0 (Windows NT 10.0; WOW64) AppleWebKit/537.36 (KHTML, like Gecko) Chrome/51.0.2704.103 Safari/537.36"
3.217.12.75 - - [12/Aug/2016:06:34:13 +0200] "GET /img/kunskap/javascript/node-js-websocket-connect.png HTTP/1.1" 200 105331 "https://dbwebb.se/kunskap/kom-igang-med-html5-websockets-och-node-js" "Mozilla/5.0 (Windows NT 10.0; WOW64) AppleWebKit/537.36 (KHTML, like Gecko) Chrome/51.0.2704.103 Safari/537.36"
3.249.76.98 - - [12/Aug/2016:06:34:13 +0200] "GET /javascript1/repo/example/flag/flag2 HTTP/1.1" 302 3835 "-" "Mozilla/5.0 (Linux; Android 6.0.1; Nexus 5X Build/MMB29P) AppleWebKit/537.36 (KHTML, like Gecko) Chrome/41.0.2272.96 Mobile Safari/537.36 (compatible; Googlebot/2.1; +http://www.google.com/bot.html)"
3.249.76.98 - - [12/Aug/2016:06:34:13 +0200] "GET /kurser/javascript1/repo/example/flag/flag2 HTTP/1.1" 404 11237 "-" "Mozilla/5.0 (Linux; Android 6.0.1; Nexus 5X Build/MMB29P) AppleWebKit/537.36 (KHTML, like Gecko) Chrome/41.0.2272.96 Mobile Safari/537.36 (compatible; Googlebot/2.1; +http://www.google.com/bot.html)"
3.55.39.167 - - [12/Aug/2016:06:35:10 +0200] "GET /f/34827 HTTP/1.1" 301 4295 "-" "Mozilla/5.0 (compatible; bingbot/2.0; +http://www.bing.com/bingbot.htm)"
3.193.51.33 - - [12/Aug/2016:06:35:23 +0200] "GET /img/cygwin/ HTTP/1.1" 200 3997 "-" "Mozilla/5.0 (iPhone; CPU iPhone OS 8_1 like Mac OS X) AppleWebKit/600.1.4 (KHTML, like Gecko) Version/8.0 Mobile/12B411 Safari/600.1.4 (compatible; YandexMobileBot/3.0; +http://yandex.com/bots)"
3.193.51.33 - - [12/Aug/2016:06:35:24 +0200] "GET /img/cygwin/ HTTP/1.1" 200 819 "-" "Mozilla/5.0 (iPhone; CPU iPhone OS 8_1 like Mac OS X) AppleWebKit/600.1.4 (KHTML, like Gecko) Version/8.0 Mobile/12B411 Safari/600.1.4 (compatible; YandexMobileBot/3.0; +http://yandex.com/bots)"
3.80.31.109 - - [12/Aug/2016:06:36:03 +0200] "GET /forum/viewtopic.php?f=21&t=137&view=print HTTP/1.1" 200 5070 "-" "Mozilla/5.0 (compatible; AhrefsBot/5.1; +http://ahrefs.com/robot/)"
3.217.113.134 - - [12/Aug/2016:06:37:08 +0200] "GET /wp-login.php HTTP/1.1" 404 14319 "-" "Mozilla/5.0 (Windows NT 6.1; WOW64; rv:40.0) Gecko/20100101 Firefox/40.1"
3.217.113.134 - - [12/Aug/2016:06:37:09 +0200] "GET / HTTP/1.1" 200 24496 "-" "Mozilla/5.0 (Windows NT 6.1; WOW64; rv:40.0) Gecko/20100101 Firefox/40.1"
3.55.39.167 - - [12/Aug/2016:06:37:42 +0200] "GET /kurser/javascript1/kmom01 HTTP/1.1" 200 10179 "-" "Mozilla/5.0 (compatible; bingbot/2.0; +http://www.bing.com/bingbot.htm)"
3.55.39.167 - - [12/Aug/2016:06:37:48 +0200] "GET /forum/viewtopic.php?t=1232 HTTP/1.1" 200 9836 "-" "Mozilla/5.0 (compatible; bingbot/2.0; +http://www.bing.com/bingbot.htm)"
3.77.167.63 - - [12/Aug/2016:06:38:08 +0200] "GET /f/44211 HTTP/1.1" 301 4295 "-" "Mozilla/5.0 (compatible; bingbot/2.0; +http://www.bing.com/bingbot.htm)"
3.55.39.167 - - [12/Aug/2016:06:38:25 +0200] "GET /forum/viewtopic.php?p=13330 HTTP/1.1" 200 9809 "-" "Mozilla/5.0 (compatible; bingbot/2.0; +http://www.bing.com/bingbot.htm)"
3.249.76.102 - - [12/Aug/2016:06:39:02 +0200] "GET /forum/viewtopic.php?f=9&t=980 HTTP/1.1" 200 9082 "-" "Mozilla/5.0 (Linux; Android 6.0.1; Nexus 5X Build/MMB29P) AppleWebKit/537.36 (KHTML, like Gecko) Chrome/41.0.2272.96 Mobile Safari/537.36 (compatible; Googlebot/2.1; +http://www.google.com/bot.html)"
3.0.0.1 - - [12/Aug/2016:06:40:01 +0200] "POST /forum/ucp.php?mode=login HTTP/1.1" 200 18168 "-" "Mozilla/4.0 (compatible; MSIE 6.0; FreeBSD 8.1)"
3.0.0.1 - - [12/Aug/2016:06:40:01 +0200] "POST /forum/feed.php HTTP/1.1" 200 28667 "-" "Mozilla/4.0 (compatible; MSIE 6.0; FreeBSD 8.1)"
3.249.76.100 - - [12/Aug/2016:06:41:24 +0200] "GET /repo/htmlphp/example/bmo/img/250/parlkrans_handslag.jpg HTTP/1.1" 200 23510 "-" "Googlebot-Image/1.0"
3.46.13.30 - - [12/Aug/2016:06:41:26 +0200] "GET /forum/viewtopic.php?p=9688 HTTP/1.1" 200 20706 "-" "Mozilla/5.0 (compatible; bingbot/2.0; +http://www.bing.com/bingbot.htm)"
3.77.206.247 - - [12/Aug/2016:06:43:19 +0200] "GET /omvarldsbevakning/feed/phpbb HTTP/1.0" 404 14370 "http://dbwebb.se/omvarldsbevakning/feed/phpbb" "Mozilla/5.0 (Windows NT 5.1; rv:43.0) Gecko/20100101 Firefox/43.0"
3.77.206.247 - - [12/Aug/2016:06:43:21 +0200] "GET / HTTP/1.0" 200 27269 "http://dbwebb.se/" "Mozilla/5.0 (Windows NT 5.1; rv:43.0) Gecko/20100101 Firefox/43.0"
3.77.206.247 - - [12/Aug/2016:06:43:23 +0200] "GET /forum HTTP/1.0" 301 3765 "http://dbwebb.se/forum" "Mozilla/5.0 (Windows NT 5.1; rv:43.0) Gecko/20100101 Firefox/43.0"
3.77.206.247 - - [12/Aug/2016:06:43:24 +0200] "GET /forum/ HTTP/1.0" 200 35284 "http://dbwebb.se/forum/" "Mozilla/5.0 (Windows NT 5.1; rv:43.0) Gecko/20100101 Firefox/43.0"
3.77.206.247 - - [12/Aug/2016:06:43:26 +0200] "GET /forum/viewforum.php?f=12&sid=d5b505f433891f436537b4e16514c7ba HTTP/1.0" 200 45611 "http://dbwebb.se/viewforum.php?f=12&sid=d5b505f433891f436537b4e16514c7ba" "Mozilla/5.0 (Windows NT 5.1; rv:43.0) Gecko/20100101 Firefox/43.0"
3.77.206.247 - - [12/Aug/2016:06:43:29 +0200] "GET /forum/posting.php?mode=post&f=12 HTTP/1.0" 200 19047 "http://dbwebb.se/posting.php?mode=post&f=12" "Mozilla/5.0 (Windows NT 5.1; rv:43.0) Gecko/20100101 Firefox/43.0"
3.77.206.247 - - [12/Aug/2016:06:43:30 +0200] "GET /forum/ucp.php?mode=register HTTP/1.0" 200 19634 "http://dbwebb.se/ucp.php?mode=register" "Mozilla/5.0 (Windows NT 5.1; rv:43.0) Gecko/20100101 Firefox/43.0"
3.46.13.93 - - [12/Aug/2016:06:43:33 +0200] "GET /webapp/studieplan HTTP/1.1" 302 4239 "-" "Mozilla/5.0 (compatible; bingbot/2.0; +http://www.bing.com/bingbot.htm)"
3.46.13.93 - - [12/Aug/2016:06:43:34 +0200] "GET /kurser/webapp/studieplan HTTP/1.1" 404 14795 "-" "Mozilla/5.0 (compatible; bingbot/2.0; +http://www.bing.com/bingbot.htm)"
3.77.206.247 - - [12/Aug/2016:06:43:37 +0200] "POST /forum/ucp.php?mode=register HTTP/1.0" 200 27278 "http://dbwebb.se/forum/ucp.php?mode=register" "Mozilla/5.0 (Windows NT 5.1; rv:43.0) Gecko/20100101 Firefox/43.0"
3.249.76.98 - - [12/Aug/2016:06:43:39 +0200] "GET /kurser/phpmvc HTTP/1.1" 200 12987 "-" "Mozilla/5.0 (Linux; Android 6.0.1; Nexus 5X Build/MMB29P) AppleWebKit/537.36 (KHTML, like Gecko) Chrome/41.0.2272.96 Mobile Safari/537.36 (compatible; Googlebot/2.1; +http://www.google.com/bot.html)"
3.77.206.247 - - [12/Aug/2016:06:43:44 +0200] "POST /forum/ucp.php?mode=register HTTP/1.0" 200 27540 "http://dbwebb.se/forum/ucp.php?mode=register" "Mozilla/5.0 (Windows NT 5.1; rv:43.0) Gecko/20100101 Firefox/43.0"
3.77.206.247 - - [12/Aug/2016:06:43:46 +0200] "GET /forum/ucp.php?mode=login HTTP/1.0" 200 19062 "http://dbwebb.se/ucp.php?mode=login" "Mozilla/5.0 (Windows NT 5.1; rv:43.0) Gecko/20100101 Firefox/43.0"
3.77.206.247 - - [12/Aug/2016:06:43:48 +0200] "POST /forum/ucp.php?mode=login HTTP/1.0" 200 19266 "http://dbwebb.se/forum/ucp.php?mode=login" "Mozilla/5.0 (Windows NT 5.1; rv:43.0) Gecko/20100101 Firefox/43.0"
3.77.206.247 - - [12/Aug/2016:06:43:52 +0200] "GET /omvarldsbevakning/feed/posting.php?mode=post&f=12 HTTP/1.0" 404 14388 "http://dbwebb.se/omvarldsbevakning/feed/posting.php?mode=post&f=12" "Mozilla/5.0 (Windows NT 5.1; rv:43.0) Gecko/20100101 Firefox/43.0"
3.77.206.247 - - [12/Aug/2016:06:43:53 +0200] "GET /feed/posting.php?mode=post&f=12 HTTP/1.0" 404 14334 "http://dbwebb.se/feed/posting.php?mode=post&f=12" "Mozilla/5.0 (Windows NT 5.1; rv:43.0) Gecko/20100101 Firefox/43.0"
3.77.206.247 - - [12/Aug/2016:06:43:55 +0200] "GET /viewforum.php?f=11&sid=d5b505f433891f436537b4e16514c7ba HTTP/1.0" 404 14325 "http://dbwebb.se/viewforum.php?f=11&sid=d5b505f433891f436537b4e16514c7ba" "Mozilla/5.0 (Windows NT 5.1; rv:43.0) Gecko/20100101 Firefox/43.0"
3.77.206.247 - - [12/Aug/2016:06:43:56 +0200] "GET /forum/feed.php HTTP/1.0" 200 26894 "http://dbwebb.se/forum/feed.php" "Mozilla/5.0 (Windows NT 5.1; rv:43.0) Gecko/20100101 Firefox/43.0"
3.77.206.247 - - [12/Aug/2016:06:43:58 +0200] "GET /forum/posting.php?mode=post&f=12 HTTP/1.0" 200 19047 "http://dbwebb.se/posting.php?mode=post&f=12" "Mozilla/5.0 (Windows NT 5.1; rv:43.0) Gecko/20100101 Firefox/43.0"
3.77.206.247 - - [12/Aug/2016:06:44:00 +0200] "GET /forum/viewtopic.php?f=12&t=5091 HTTP/1.0" 200 66242 "http://dbwebb.se/viewtopic.php?f=12&t=5091" "Mozilla/5.0 (Windows NT 5.1; rv:43.0) Gecko/20100101 Firefox/43.0"
3.77.206.247 - - [12/Aug/2016:06:44:02 +0200] "GET /forum/posting.php?mode=reply&f=12&t=5091 HTTP/1.0" 200 19071 "http://dbwebb.se/posting.php?mode=reply&f=12&t=5091" "Mozilla/5.0 (Windows NT 5.1; rv:43.0) Gecko/20100101 Firefox/43.0"
3.77.206.247 - - [12/Aug/2016:06:44:04 +0200] "GET /forum/viewtopic.php?f=18&p=44916&sid=d5b505f433891f436537b4e16514c7ba HTTP/1.0" 200 21937 "http://dbwebb.se/viewtopic.php?f=18&p=44916&sid=d5b505f433891f436537b4e16514c7ba" "Mozilla/5.0 (Windows NT 5.1; rv:43.0) Gecko/20100101 Firefox/43.0"
3.77.206.247 - - [12/Aug/2016:06:44:06 +0200] "GET /forum/posting.php?mode=reply&f=18&t=5403 HTTP/1.0" 200 19071 "http://dbwebb.se/posting.php?mode=reply&f=18&t=5403" "Mozilla/5.0 (Windows NT 5.1; rv:43.0) Gecko/20100101 Firefox/43.0"
3.77.206.247 - - [12/Aug/2016:06:44:08 +0200] "GET /forum/viewtopic.php?f=12&t=5091&p=42337 HTTP/1.0" 200 66242 "http://dbwebb.se/viewtopic.php?f=12&t=5091&p=42337" "Mozilla/5.0 (Windows NT 5.1; rv:43.0) Gecko/20100101 Firefox/43.0"
3.77.206.247 - - [12/Aug/2016:06:44:10 +0200] "GET /forum/posting.php?mode=reply&f=12&t=5091 HTTP/1.0" 200 19071 "http://dbwebb.se/posting.php?mode=reply&f=12&t=5091" "Mozilla/5.0 (Windows NT 5.1; rv:43.0) Gecko/20100101 Firefox/43.0"
3.77.206.247 - - [12/Aug/2016:06:44:12 +0200] "GET /forum/posting.php?mode=reply&f=12&t=5091 HTTP/1.0" 200 19071 "http://dbwebb.se/posting.php?mode=reply&f=12&t=5091" "Mozilla/5.0 (Windows NT 5.1; rv:43.0) Gecko/20100101 Firefox/43.0"
3.77.206.247 - - [12/Aug/2016:06:44:14 +0200] "GET /forum/viewtopic.php?f=12&t=5299&p=44015 HTTP/1.0" 200 25354 "http://dbwebb.se/viewtopic.php?f=12&t=5299&p=44015" "Mozilla/5.0 (Windows NT 5.1; rv:43.0) Gecko/20100101 Firefox/43.0"
3.77.206.247 - - [12/Aug/2016:06:44:16 +0200] "GET /forum/posting.php?mode=reply&f=18&t=5403 HTTP/1.0" 200 19071 "http://dbwebb.se/posting.php?mode=reply&f=18&t=5403" "Mozilla/5.0 (Windows NT 5.1; rv:43.0) Gecko/20100101 Firefox/43.0"
3.77.206.247 - - [12/Aug/2016:06:44:18 +0200] "GET /forum/viewtopic.php?t=5404&p=44926 HTTP/1.0" 200 46503 "http://dbwebb.se/forum/viewtopic.php?t=5404&p=44926" "Mozilla/5.0 (Windows NT 5.1; rv:43.0) Gecko/20100101 Firefox/43.0"
3.77.206.247 - - [12/Aug/2016:06:44:20 +0200] "GET /forum/posting.php?mode=reply&f=21&t=5404 HTTP/1.0" 200 19071 "http://dbwebb.se/posting.php?mode=reply&f=21&t=5404" "Mozilla/5.0 (Windows NT 5.1; rv:43.0) Gecko/20100101 Firefox/43.0"
3.77.206.247 - - [12/Aug/2016:06:44:22 +0200] "GET /forum/viewtopic.php?f=12&t=5316&p=44322 HTTP/1.0" 200 77776 "http://dbwebb.se/viewtopic.php?f=12&t=5316&p=44322" "Mozilla/5.0 (Windows NT 5.1; rv:43.0) Gecko/20100101 Firefox/43.0"
3.77.206.247 - - [12/Aug/2016:06:44:24 +0200] "GET /forum/posting.php?mode=reply&f=12&t=5299 HTTP/1.0" 200 19071 "http://dbwebb.se/posting.php?mode=reply&f=12&t=5299" "Mozilla/5.0 (Windows NT 5.1; rv:43.0) Gecko/20100101 Firefox/43.0"
3.77.206.247 - - [12/Aug/2016:06:44:26 +0200] "GET /forum/posting.php?mode=reply&f=12&t=5316 HTTP/1.0" 200 19071 "http://dbwebb.se/posting.php?mode=reply&f=12&t=5316" "Mozilla/5.0 (Windows NT 5.1; rv:43.0) Gecko/20100101 Firefox/43.0"
3.80.31.184 - - [12/Aug/2016:06:44:27 +0200] "GET /forum/viewtopic.php?p=20979 HTTP/1.1" 200 15376 "-" "Mozilla/5.0 (compatible; AhrefsBot/5.1; +http://ahrefs.com/robot/)"
3.77.206.247 - - [12/Aug/2016:06:44:28 +0200] "GET /forum/viewtopic.php?p=42322 HTTP/1.0" 200 66242 "http://dbwebb.se/viewtopic.php?p=42322" "Mozilla/5.0 (Windows NT 5.1; rv:43.0) Gecko/20100101 Firefox/43.0"
3.132.161.72 - - [12/Aug/2016:06:44:29 +0200] "GET /forum/viewtopic.php?f=25&t=5302&view=print HTTP/1.1" 200 5205 "-" "Mozilla/5.0 (compatible; AhrefsBot/5.1; +http://ahrefs.com/robot/)"
3.77.206.247 - - [12/Aug/2016:06:44:31 +0200] "GET /forum/posting.php?mode=reply&f=21&t=5404 HTTP/1.0" 200 19071 "http://dbwebb.se/posting.php?mode=reply&f=21&t=5404" "Mozilla/5.0 (Windows NT 5.1; rv:43.0) Gecko/20100101 Firefox/43.0"
3.77.206.247 - - [12/Aug/2016:06:44:32 +0200] "GET /forum/viewtopic.php?p=42316 HTTP/1.0" 200 66242 "http://dbwebb.se/viewtopic.php?p=42316" "Mozilla/5.0 (Windows NT 5.1; rv:43.0) Gecko/20100101 Firefox/43.0"
3.77.206.247 - - [12/Aug/2016:06:44:35 +0200] "GET /forum/posting.php?mode=reply&f=12&t=5091 HTTP/1.0" 200 19071 "http://dbwebb.se/posting.php?mode=reply&f=12&t=5091" "Mozilla/5.0 (Windows NT 5.1; rv:43.0) Gecko/20100101 Firefox/43.0"
3.77.206.247 - - [12/Aug/2016:06:44:37 +0200] "GET /forum/posting.php?mode=reply&f=12&t=5091 HTTP/1.0" 200 19071 "http://dbwebb.se/posting.php?mode=reply&f=12&t=5091" "Mozilla/5.0 (Windows NT 5.1; rv:43.0) Gecko/20100101 Firefox/43.0"
3.156.247.60 - - [12/Aug/2016:06:45:41 +0200] "GET / HTTP/1.1" 200 9703 "-" "PINGOMETER_BOT_(HTTPS://PINGOMETER.COM)"
3.255.65.28 - - [12/Aug/2016:06:45:58 +0200] "GET /kod-exempel/source.php?dir=cimage_/webroot/img&file=kodim04.png HTTP/1.1" 301 3685 "-" "Mozilla/5.0 (compatible; AhrefsBot/5.1; +http://ahrefs.com/robot/)"
3.132.161.73 - - [12/Aug/2016:06:46:23 +0200] "GET /forum/feed.php?f=9&t=5170 HTTP/1.1" 200 13023 "-" "Mozilla/5.0 (compatible; AhrefsBot/5.1; +http://ahrefs.com/robot/)"
3.72.68.85 - - [12/Aug/2016:06:46:28 +0200] "GET /forum/search.php HTTP/1.1" 200 8987 "https://dbwebb.se/forum" "Mozilla/5.0 (Windows NT 6.3; WOW64) AppleWebKit/537.36 (KHTML, like Gecko) Chrome/41.0.2226.0 Safari/537.36"
3.255.65.54 - - [12/Aug/2016:06:46:46 +0200] "GET /forum/feed.php?f=44 HTTP/1.1" 200 56348 "-" "Mozilla/5.0 (compatible; AhrefsBot/5.1; +http://ahrefs.com/robot/)"
3.132.161.45 - - [12/Aug/2016:06:47:19 +0200] "GET /forum/viewtopic.php?t=4301&p=43779 HTTP/1.1" 200 20662 "-" "Mozilla/5.0 (compatible; AhrefsBot/5.1; +http://ahrefs.com/robot/)"
3.255.65.37 - - [12/Aug/2016:06:47:28 +0200] "GET /forum/viewtopic.php?t=4301&p=43923 HTTP/1.1" 200 20667 "-" "Mozilla/5.0 (compatible; AhrefsBot/5.1; +http://ahrefs.com/robot/)"
3.9.142.226 - - [12/Aug/2016:06:47:34 +0200] "GET /robots.txt HTTP/1.0" 200 3108 "-" "Mozilla/5.0 (compatible; MJ12bot/v1.4.5; http://www.majestic12.co.uk/bot.php?+)"
3.9.142.226 - - [12/Aug/2016:06:47:38 +0200] "GET /robots.txt HTTP/1.0" 200 474 "-" "Mozilla/5.0 (compatible; MJ12bot/v1.4.5; http://www.majestic12.co.uk/bot.php?+)"
3.132.161.51 - - [12/Aug/2016:06:47:41 +0200] "GET /forum/viewtopic.php?t=4301&p=43816 HTTP/1.1" 200 20663 "-" "Mozilla/5.0 (compatible; AhrefsBot/5.1; +http://ahrefs.com/robot/)"
3.9.142.226 - - [12/Aug/2016:06:47:45 +0200] "GET /forum/viewtopic.php?p=38549 HTTP/1.0" 200 34098 "-" "Mozilla/5.0 (compatible; MJ12bot/v1.4.5; http://www.majestic12.co.uk/bot.php?+)"
3.132.161.82 - - [12/Aug/2016:06:47:46 +0200] "GET /forum/viewtopic.php?t=4301&p=43823 HTTP/1.1" 200 20667 "-" "Mozilla/5.0 (compatible; AhrefsBot/5.1; +http://ahrefs.com/robot/)"
3.77.167.63 - - [12/Aug/2016:06:47:46 +0200] "GET /forum/viewtopic.php?p=32254 HTTP/1.1" 200 13301 "-" "Mozilla/5.0 (compatible; bingbot/2.0; +http://www.bing.com/bingbot.htm)"
3.249.76.98 - - [12/Aug/2016:06:47:48 +0200] "GET /humans.txt HTTP/1.1" 200 3860 "-" "Mozilla/5.0 (Linux; Android 6.0.1; Nexus 5X Build/MMB29P) AppleWebKit/537.36 (KHTML, like Gecko) Chrome/41.0.2272.96 Mobile Safari/537.36 (compatible; Googlebot/2.1; +http://www.google.com/bot.html)"
3.9.142.226 - - [12/Aug/2016:06:47:49 +0200] "GET /forum/viewtopic.php?p=38624 HTTP/1.0" 200 34098 "-" "Mozilla/5.0 (compatible; MJ12bot/v1.4.5; http://www.majestic12.co.uk/bot.php?+)"
3.255.65.32 - - [12/Aug/2016:06:47:49 +0200] "GET /phpmvc/Anax-MVC/docs/api/classes/Anax.ThemeEngine.CThemeBasic.html HTTP/1.1" 302 3651 "-" "Mozilla/5.0 (compatible; AhrefsBot/5.1; +http://ahrefs.com/robot/)"
3.9.142.226 - - [12/Aug/2016:06:47:54 +0200] "GET /forum/viewtopic.php?p=38712 HTTP/1.0" 200 20926 "-" "Mozilla/5.0 (compatible; MJ12bot/v1.4.5; http://www.majestic12.co.uk/bot.php?+)"
